Resolving dependencies...
Downloading packages...
  _flutterfire_internals 1.3.69 (1.3.71 available)
  cloud_firestore 6.3.0 (6.4.1 available)
  cloud_firestore_platform_interface 7.2.0 (8.0.1 available)
  cloud_firestore_web 5.3.0 (5.4.1 available)
  code_assets 1.0.0 (1.1.0 available)
  firebase_auth 6.4.0 (6.5.1 available)
  firebase_auth_platform_interface 8.1.9 (9.0.1 available)
  firebase_auth_web 6.1.5 (6.2.1 available)
  firebase_core 4.7.0 (4.9.0 available)
  firebase_core_platform_interface 6.0.3 (7.0.1 available)
  firebase_core_web 3.6.0 (3.7.0 available)
  firebase_messaging 16.2.0 (16.2.2 available)
  firebase_messaging_platform_interface 4.7.9 (4.7.11 available)
  firebase_messaging_web 4.1.5 (4.1.7 available)
  firebase_storage 13.3.0 (13.4.1 available)
  firebase_storage_platform_interface 5.2.20 (6.0.1 available)
  firebase_storage_web 3.11.5 (3.11.7 available)
  hooks 1.0.3 (2.0.0 available)
  matcher 0.12.19 (0.12.20 available)
  meta 1.17.0 (1.18.2 available)
  native_toolchain_c 0.17.6 (0.19.0 available)
  test_api 0.7.10 (0.7.12 available)
  vector_math 2.2.0 (2.3.0 available)
  win32 5.15.0 (6.2.0 available)
  xml 6.6.1 (7.0.1 available)
Got dependencies!
25 packages have newer versions incompatible with dependency constraints.
Try `flutter pub outdated` for more information.
Running Gradle task 'assembleRelease'...                           23.6s
flutter : Gradle build failed to produce an .apk file. It's likely that this 
file was generated under 
C:\Users\user\Documents\flutter_application_stars\flutter_stars_app\build, but 
the tool couldn't find it.
At line:1 char:43
+ ... ram Files\Git\bin"; flutter build apk > build_output.txt 2>&1; Get-Co ...
+                         ~~~~~~~~~~~~~~~~~~~~~~~~~~~~~~~~~~~~~~~~~
    + CategoryInfo          : NotSpecified: (Gradle build fa...uldn't find it. 
   :String) [], RemoteException
    + FullyQualifiedErrorId : NativeCommandError
 
